// Jest Snapshot v1, https://goo.gl/fbAQLP

exports[`CommunityForm render form 1`] = `
<div>
  <h3>
    create community form
  </h3>
  <form
    onSubmit={[Function]}
  >
    <div>
      <label>
        name
        <input
          type="text"
        />
      </label>
    </div>
    <div>
      <label>
        description
        <textarea />
      </label>
    </div>
    <div>
      <input
        type="submit"
      />
    </div>
  </form>
</div>
`;
