// Jest Snapshot v1, https://goo.gl/fbAQLP

exports[`Event render event component 1`] = `
<div>
  <p>
    name: 
    event1
  </p>
  <p>
    eventStartsAt: 
    2017-03-04T13:00:00.000Z
  </p>
  <p>
    eventEndsAt: 
    2017-03-04T17:00:00.000Z
  </p>
  <p>
    description: 
    This is the first event.
  </p>
  <p>
    address: 
    address1
  </p>
</div>
`;
