// Jest Snapshot v1, https://goo.gl/fbAQLP

exports[`Event container should render self and subcomponents 1`] = `
<div>
  event page sample
  <Event
    event={
      Object {
        "address": "address1",
        "communityId": 1,
        "description": "This is the first event.",
        "errors": Array [],
        "eventEndsAt": "2017-03-04T17:00:00.000Z",
        "eventStartsAt": "2017-03-04T13:00:00.000Z",
        "id": 1,
        "name": "event1",
        "tickets": Array [
          Object {
            "cost": 500,
            "errors": Array [],
            "eventId": 1,
            "id": 1,
            "name": "ticketName1",
            "quantity": 50,
            "saleEndsAt": "2017-03-01T10:30:00.000Z",
            "saleStartsAt": "2017-03-01T09:00:00.000Z",
          },
          Object {
            "cost": 4000,
            "errors": Array [],
            "eventId": 1,
            "id": 2,
            "name": "ticketName2",
            "quantity": 20,
            "saleEndsAt": "2017-12-11T15:00:00.000Z",
            "saleStartsAt": "2017-12-11T13:30:00.000Z",
          },
        ],
      }
    }
  />
  <TicketList
    tickets={
      Array [
        Object {
          "cost": 500,
          "errors": Array [],
          "eventId": 1,
          "id": 1,
          "name": "ticketName1",
          "quantity": 50,
          "saleEndsAt": "2017-03-01T10:30:00.000Z",
          "saleStartsAt": "2017-03-01T09:00:00.000Z",
        },
        Object {
          "cost": 4000,
          "errors": Array [],
          "eventId": 1,
          "id": 2,
          "name": "ticketName2",
          "quantity": 20,
          "saleEndsAt": "2017-12-11T15:00:00.000Z",
          "saleStartsAt": "2017-12-11T13:30:00.000Z",
        },
      ]
    }
  />
</div>
`;
